// Jest Snapshot v1, https://goo.gl/fbAQLP

exports[`Comment.vue should have a custom title and match snapshot  1`] = `
"<v-app-stub id=\\"app\\">
  <v-card-stub loaderheight=\\"4\\" tag=\\"div\\">
    <v-card-stub loaderheight=\\"4\\" tag=\\"div\\" class=\\"py-5 px-10\\" style=\\"background-color: rgb(245, 250, 240);\\">
      <v-row-stub tag=\\"div\\" md=\\"2\\">
        <v-col-stub md=\\"3\\" tag=\\"div\\">
          <v-card-stub loaderheight=\\"4\\" tag=\\"div\\">
            <v-card-title-stub tag=\\"div\\" class=\\"d-flex justify-center\\">
              Ürüne Puan Ver
            </v-card-title-stub>
            <v-card-text-stub tag=\\"div\\">
              <v-rating-stub color=\\"yellow darken-3\\" opendelay=\\"0\\" closedelay=\\"0\\" ripple=\\"true\\" large=\\"true\\" backgroundcolor=\\"grey darken-1\\" emptyicon=\\"$ratingFull\\" fullicon=\\"$ratingFull\\" halficon=\\"$ratingHalf\\" halfincrements=\\"true\\" hover=\\"true\\" length=\\"5\\" value=\\"0\\" iconlabel=\\"$vuetify.rating.ariaLabel.icon\\" class=\\"d-flex justify-center\\"></v-rating-stub>
              <p class=\\"d-flex justify-center my-3\\">
                İyi
              </p>
            </v-card-text-stub>
          </v-card-stub>
        </v-col-stub>
        <v-col-stub md=\\"8\\" tag=\\"div\\">
          <v-textarea-stub errorcount=\\"1\\" errormessages=\\"\\" messages=\\"\\" rules=\\"\\" successmessages=\\"\\" backgroundcolor=\\"\\" loaderheight=\\"2\\" clearicon=\\"$clear\\" counter=\\"true\\" placeholder=\\"Yorum Yaz\\" solo=\\"true\\" type=\\"text\\" rowheight=\\"24\\" rows=\\"5\\" maxlength=\\"120\\" style=\\"background-color: white;\\"></v-textarea-stub>
        </v-col-stub>
        <v-col-stub md=\\"1\\" tag=\\"div\\">
          <v-btn-stub tag=\\"button\\" activeclass=\\"\\" type=\\"button\\" style=\\"margin-top: 140px; background-color: orange;\\">
            <p class=\\"mb-auto\\" style=\\"color: white;\\">
              Gönder
            </p>
          </v-btn-stub>
        </v-col-stub>
      </v-row-stub>
    </v-card-stub>
    <v-card-stub loaderheight=\\"4\\" tag=\\"div\\" class=\\"py-5 px-10\\">
      <v-row-stub tag=\\"div\\" md=\\"1\\">
        <v-col-stub md=\\"1\\" tag=\\"div\\" class=\\"my-5\\">
          <p class=\\"my-auto\\">
            Sırala:
          </p>
        </v-col-stub>
        <v-col-stub md=\\"3\\" tag=\\"div\\">
          <v-select-stub errorcount=\\"1\\" errormessages=\\"\\" messages=\\"\\" rules=\\"\\" successmessages=\\"\\" appendicon=\\"$dropdown\\" backgroundcolor=\\"\\" label=\\"Outlined style\\" loaderheight=\\"2\\" clearicon=\\"$clear\\" outlined=\\"true\\" type=\\"text\\" valuecomparator=\\"[Function]\\" nodatatext=\\"$vuetify.noDataText\\" items=\\"Foo,Bar,Fizz,Buzz\\" itemcolor=\\"primary\\" itemdisabled=\\"disabled\\" itemtext=\\"text\\" itemvalue=\\"value\\" menuprops=\\"[object Object]\\" class=\\"my-1\\"></v-select-stub>
        </v-col-stub>
        <v-col-stub md=\\"3\\" tag=\\"div\\">
          <v-checkbox-stub errorcount=\\"1\\" errormessages=\\"\\" messages=\\"\\" rules=\\"\\" successmessages=\\"\\" backgroundcolor=\\"\\" label=\\"Satın Almaları Göster:\\" ripple=\\"true\\" valuecomparator=\\"[Function]\\" indeterminateicon=\\"$checkboxIndeterminate\\" officon=\\"$checkboxOff\\" onicon=\\"$checkboxOn\\"></v-checkbox-stub>
        </v-col-stub>
        <v-col-stub md=\\"3\\" offsetmd=\\"2\\" tag=\\"div\\" class=\\"my-5\\"><a href=\\"#\\" style=\\"text-decoration: none; color: rgb(218, 218, 218);\\">Tüm Yorumları Göster</a></v-col-stub>
      </v-row-stub>
    </v-card-stub>
    <v-card-stub loaderheight=\\"4\\" tag=\\"div\\" class=\\"py-5 px-10\\">
      <v-row-stub tag=\\"div\\" md=\\"8\\">
        <v-row-stub tag=\\"div\\">
          <v-col-stub md=\\"1\\" tag=\\"div\\">
            <div style=\\"display: inline-block;\\">
              <v-btn-stub color=\\"#ffedc1\\" tag=\\"button\\" activeclass=\\"\\" large=\\"true\\" fab=\\"true\\" type=\\"button\\" class=\\"mx-2 my-5\\">
                <v-icon-stub xlarge=\\"\\" x-large=\\"\\" style=\\"color: rgb(255, 128, 0);\\">
                  mdi-account
                </v-icon-stub>
              </v-btn-stub>
            </div>
          </v-col-stub>
          <v-col-stub md=\\"11\\" tag=\\"div\\">
            <div style=\\"display: inline-block;\\">
              <v-card-stub loaderheight=\\"4\\" tag=\\"div\\">
                <v-card-title-stub tag=\\"div\\"><a style=\\"font-size: small;\\">
                    cy
                  </a>
                  <v-rating-stub color=\\"orange\\" opendelay=\\"0\\" closedelay=\\"0\\" ripple=\\"true\\" backgroundcolor=\\"orange lighten-3\\" emptyicon=\\"$ratingEmpty\\" fullicon=\\"$ratingFull\\" halficon=\\"$ratingHalf\\" length=\\"5\\" value=\\"5\\" iconlabel=\\"$vuetify.rating.ariaLabel.icon\\"></v-rating-stub>
                  <p class=\\"my-1\\" style=\\"font-size: small;\\">
                    19 Ekim 2021
                  </p>
                  <v-icon-stub class=\\"mx-2\\" style=\\"color: rgb(255, 128, 0);\\">
                    mdi-cart
                  </v-icon-stub>
                </v-card-title-stub>
                <v-card-text-stub tag=\\"div\\">
                  <p>
                    Lorem ipsum dolor sit amet consectetur adipisicing elit. Assumenda impedit voluptate praesentium nihil expedita, excepturi cupiditate magnam, aperiam consequuntur, quam omnis. Officiis eius rem itaque odit iusto, facilis a quam?
                  </p>
                </v-card-text-stub>
              </v-card-stub>
            </div>
          </v-col-stub>
        </v-row-stub>
        <v-row-stub tag=\\"div\\">
          <v-col-stub md=\\"1\\" tag=\\"div\\">
            <div style=\\"display: inline-block;\\">
              <v-btn-stub color=\\"#ffedc1\\" tag=\\"button\\" activeclass=\\"\\" large=\\"true\\" fab=\\"true\\" type=\\"button\\" class=\\"mx-2 my-5\\">
                <v-icon-stub xlarge=\\"\\" x-large=\\"\\" style=\\"color: rgb(255, 128, 0);\\">
                  mdi-account
                </v-icon-stub>
              </v-btn-stub>
            </div>
          </v-col-stub>
          <v-col-stub md=\\"11\\" tag=\\"div\\">
            <div style=\\"display: inline-block;\\">
              <v-card-stub loaderheight=\\"4\\" tag=\\"div\\">
                <v-card-title-stub tag=\\"div\\"><a style=\\"font-size: small;\\">
                    cy
                  </a>
                  <v-rating-stub color=\\"orange\\" opendelay=\\"0\\" closedelay=\\"0\\" ripple=\\"true\\" backgroundcolor=\\"orange lighten-3\\" emptyicon=\\"$ratingEmpty\\" fullicon=\\"$ratingFull\\" halficon=\\"$ratingHalf\\" length=\\"5\\" value=\\"5\\" iconlabel=\\"$vuetify.rating.ariaLabel.icon\\"></v-rating-stub>
                  <p class=\\"my-1\\" style=\\"font-size: small;\\">
                    19 Ekim 2021
                  </p>
                  <v-icon-stub class=\\"mx-2\\" style=\\"color: rgb(255, 128, 0);\\">
                    mdi-cart
                  </v-icon-stub>
                </v-card-title-stub>
                <v-card-text-stub tag=\\"div\\">
                  <p>
                    Lorem ipsum dolor sit amet consectetur adipisicing elit. Assumenda impedit voluptate praesentium nihil expedita, excepturi cupiditate magnam, aperiam consequuntur, quam omnis. Officiis eius rem itaque odit iusto, facilis a quam?
                  </p>
                </v-card-text-stub>
              </v-card-stub>
            </div>
          </v-col-stub>
        </v-row-stub>
        <v-row-stub tag=\\"div\\">
          <v-col-stub md=\\"1\\" tag=\\"div\\">
            <div style=\\"display: inline-block;\\">
              <v-btn-stub color=\\"#ffedc1\\" tag=\\"button\\" activeclass=\\"\\" large=\\"true\\" fab=\\"true\\" type=\\"button\\" class=\\"mx-2 my-5\\">
                <v-icon-stub xlarge=\\"\\" x-large=\\"\\" style=\\"color: rgb(255, 128, 0);\\">
                  mdi-account
                </v-icon-stub>
              </v-btn-stub>
            </div>
          </v-col-stub>
          <v-col-stub md=\\"11\\" tag=\\"div\\">
            <div style=\\"display: inline-block;\\">
              <v-card-stub loaderheight=\\"4\\" tag=\\"div\\">
                <v-card-title-stub tag=\\"div\\"><a style=\\"font-size: small;\\">
                    cy
                  </a>
                  <v-rating-stub color=\\"orange\\" opendelay=\\"0\\" closedelay=\\"0\\" ripple=\\"true\\" backgroundcolor=\\"orange lighten-3\\" emptyicon=\\"$ratingEmpty\\" fullicon=\\"$ratingFull\\" halficon=\\"$ratingHalf\\" length=\\"5\\" value=\\"5\\" iconlabel=\\"$vuetify.rating.ariaLabel.icon\\"></v-rating-stub>
                  <p class=\\"my-1\\" style=\\"font-size: small;\\">
                    19 Ekim 2021
                  </p>
                  <v-icon-stub class=\\"mx-2\\" style=\\"color: rgb(255, 128, 0);\\">
                    mdi-cart
                  </v-icon-stub>
                </v-card-title-stub>
                <v-card-text-stub tag=\\"div\\">
                  <p>
                    Lorem ipsum dolor sit amet consectetur adipisicing elit. Assumenda impedit voluptate praesentium nihil expedita, excepturi cupiditate magnam, aperiam consequuntur, quam omnis. Officiis eius rem itaque odit iusto, facilis a quam?
                  </p>
                </v-card-text-stub>
              </v-card-stub>
            </div>
          </v-col-stub>
        </v-row-stub>
        <v-row-stub tag=\\"div\\">
          <v-col-stub md=\\"1\\" tag=\\"div\\">
            <div style=\\"display: inline-block;\\">
              <v-btn-stub color=\\"#ffedc1\\" tag=\\"button\\" activeclass=\\"\\" large=\\"true\\" fab=\\"true\\" type=\\"button\\" class=\\"mx-2 my-5\\">
                <v-icon-stub xlarge=\\"\\" x-large=\\"\\" style=\\"color: rgb(255, 128, 0);\\">
                  mdi-account
                </v-icon-stub>
              </v-btn-stub>
            </div>
          </v-col-stub>
          <v-col-stub md=\\"11\\" tag=\\"div\\">
            <div style=\\"display: inline-block;\\">
              <v-card-stub loaderheight=\\"4\\" tag=\\"div\\">
                <v-card-title-stub tag=\\"div\\"><a style=\\"font-size: small;\\">
                    cy
                  </a>
                  <v-rating-stub color=\\"orange\\" opendelay=\\"0\\" closedelay=\\"0\\" ripple=\\"true\\" backgroundcolor=\\"orange lighten-3\\" emptyicon=\\"$ratingEmpty\\" fullicon=\\"$ratingFull\\" halficon=\\"$ratingHalf\\" length=\\"5\\" value=\\"5\\" iconlabel=\\"$vuetify.rating.ariaLabel.icon\\"></v-rating-stub>
                  <p class=\\"my-1\\" style=\\"font-size: small;\\">
                    19 Ekim 2021
                  </p>
                  <v-icon-stub class=\\"mx-2\\" style=\\"color: rgb(255, 128, 0);\\">
                    mdi-cart
                  </v-icon-stub>
                </v-card-title-stub>
                <v-card-text-stub tag=\\"div\\">
                  <p>
                    Lorem ipsum dolor sit amet consectetur adipisicing elit. Assumenda impedit voluptate praesentium nihil expedita, excepturi cupiditate magnam, aperiam consequuntur, quam omnis. Officiis eius rem itaque odit iusto, facilis a quam?
                  </p>
                </v-card-text-stub>
              </v-card-stub>
            </div>
          </v-col-stub>
        </v-row-stub>
        <v-row-stub tag=\\"div\\">
          <v-col-stub md=\\"1\\" tag=\\"div\\">
            <div style=\\"display: inline-block;\\">
              <v-btn-stub color=\\"#ffedc1\\" tag=\\"button\\" activeclass=\\"\\" large=\\"true\\" fab=\\"true\\" type=\\"button\\" class=\\"mx-2 my-5\\">
                <v-icon-stub xlarge=\\"\\" x-large=\\"\\" style=\\"color: rgb(255, 128, 0);\\">
                  mdi-account
                </v-icon-stub>
              </v-btn-stub>
            </div>
          </v-col-stub>
          <v-col-stub md=\\"11\\" tag=\\"div\\">
            <div style=\\"display: inline-block;\\">
              <v-card-stub loaderheight=\\"4\\" tag=\\"div\\">
                <v-card-title-stub tag=\\"div\\"><a style=\\"font-size: small;\\">
                    cy
                  </a>
                  <v-rating-stub color=\\"orange\\" opendelay=\\"0\\" closedelay=\\"0\\" ripple=\\"true\\" backgroundcolor=\\"orange lighten-3\\" emptyicon=\\"$ratingEmpty\\" fullicon=\\"$ratingFull\\" halficon=\\"$ratingHalf\\" length=\\"5\\" value=\\"5\\" iconlabel=\\"$vuetify.rating.ariaLabel.icon\\"></v-rating-stub>
                  <p class=\\"my-1\\" style=\\"font-size: small;\\">
                    19 Ekim 2021
                  </p>
                  <v-icon-stub class=\\"mx-2\\" style=\\"color: rgb(255, 128, 0);\\">
                    mdi-cart
                  </v-icon-stub>
                </v-card-title-stub>
                <v-card-text-stub tag=\\"div\\">
                  <p>
                    Lorem ipsum dolor sit amet consectetur adipisicing elit. Assumenda impedit voluptate praesentium nihil expedita, excepturi cupiditate magnam, aperiam consequuntur, quam omnis. Officiis eius rem itaque odit iusto, facilis a quam?
                  </p>
                </v-card-text-stub>
              </v-card-stub>
            </div>
          </v-col-stub>
        </v-row-stub>
      </v-row-stub>
    </v-card-stub>
    <v-card-stub loaderheight=\\"4\\" tag=\\"div\\" class=\\"py-5 px-10\\">
      <v-row-stub tag=\\"div\\" md=\\"1\\">
        <p class=\\"my-2\\">
          Gösterilen: 1 ile 5 arası, toplam: 675 (135 Sayfa)
        </p>
        <v-spacer-stub tag=\\"div\\"></v-spacer-stub>
        <v-pagination-stub length=\\"15\\" nexticon=\\"mdi-menu-right\\" previcon=\\"$prev\\" totalvisible=\\"7\\" value=\\"1\\" pagearialabel=\\"$vuetify.pagination.ariaLabel.page\\" currentpagearialabel=\\"$vuetify.pagination.ariaLabel.currentPage\\" previousarialabel=\\"$vuetify.pagination.ariaLabel.previous\\" nextarialabel=\\"$vuetify.pagination.ariaLabel.next\\" wrapperarialabel=\\"$vuetify.pagination.ariaLabel.wrapper\\"></v-pagination-stub>
      </v-row-stub>
    </v-card-stub>
  </v-card-stub>
</v-app-stub>"
`;
